19:27:15 **** Incremental Build of configuration Debug for project ADC_A ****
make -j12 all 
arm-none-eabi-gcc "../Core/Src/main.c" -mcpu=cortex-m4 -std=gnu11 -g3 -DDEBUG -DUSE_HAL_DRIVER -DSTM32L476xx -c -I../Core/Inc -I../Drivers/STM32L4xx_HAL_Driver/Inc -I../Drivers/STM32L4xx_HAL_Driver/Inc/Legacy -I../Drivers/CMSIS/Device/ST/STM32L4xx/Include -I../Drivers/CMSIS/Include -O0 -ffunction-sections -fdata-sections -Wall -fstack-usage -MMD -MP -MF"Core/Src/main.d" -MT"Core/Src/main.o" --specs=nano.specs -mfpu=fpv4-sp-d16 -mfloat-abi=hard -mthumb -o "Core/Src/main.o"
../Core/Src/main.c: In function 'main':
../Core/Src/main.c:117:12: warning: format '%d' expects argument of type 'int', but argument 2 has type 'uint32_t' {aka 'long unsigned int'} [-Wformat=]
  117 |   printf("%d \n\r",value);
      |           ~^       ~~~~~
      |            |       |
      |            int     uint32_t {aka long unsigned int}
      |           %ld
../Core/Src/main.c:111:20: warning: unused variable 'result' [-Wunused-variable]
  111 |  HAL_StatusTypeDef result = HAL_ADC_PollForConversion(&hadc1, 1000);
      |                    ^~~~~~
arm-none-eabi-gcc -o "ADC_A.elf" @"objects.list"   -mcpu=cortex-m4 -T"C:\Users\student\STM32CubeIDE\workspace_1.9.0\ADC_A\STM32L476RGTX_FLASH.ld" --specs=nosys.specs -Wl,-Map="ADC_A.map" -Wl,--gc-sections -static --specs=nano.specs -mfpu=fpv4-sp-d16 -mfloat-abi=hard -mthumb -Wl,--start-group -lc -lm -Wl,--end-group
Finished building target: ADC_A.elf
 
arm-none-eabi-size   ADC_A.elf 
arm-none-eabi-objdump -h -S  ADC_A.elf  > "ADC_A.list"
   text	   data	    bss	    dec	    hex	filename
  24908	    120	   1824	  26852	   68e4	ADC_A.elf
Finished building: default.size.stdout
 
Finished building: ADC_A.list
 

19:27:16 Build Finished. 0 errors, 2 warnings. (took 1s.4ms)

