20:16:36 **** Incremental Build of configuration Debug for project CleanCode ****
make -j12 all 
arm-none-eabi-gcc "../Core/Src/btn.c" -mcpu=cortex-m4 -std=gnu11 -g3 -DDEBUG -DUSE_HAL_DRIVER -DSTM32L476xx -c -I../Core/Inc -I../Drivers/STM32L4xx_HAL_Driver/Inc -I../Drivers/STM32L4xx_HAL_Driver/Inc/Legacy -I../Drivers/CMSIS/Device/ST/STM32L4xx/Include -I../Drivers/CMSIS/Include -O0 -ffunction-sections -fdata-sections -Wall -fstack-usage -MMD -MP -MF"Core/Src/btn.d" -MT"Core/Src/btn.o" --specs=nano.specs -mfpu=fpv4-sp-d16 -mfloat-abi=hard -mthumb -o "Core/Src/btn.o"
arm-none-eabi-gcc "../Core/Src/main.c" -mcpu=cortex-m4 -std=gnu11 -g3 -DDEBUG -DUSE_HAL_DRIVER -DSTM32L476xx -c -I../Core/Inc -I../Drivers/STM32L4xx_HAL_Driver/Inc -I../Drivers/STM32L4xx_HAL_Driver/Inc/Legacy -I../Drivers/CMSIS/Device/ST/STM32L4xx/Include -I../Drivers/CMSIS/Include -O0 -ffunction-sections -fdata-sections -Wall -fstack-usage -MMD -MP -MF"Core/Src/main.d" -MT"Core/Src/main.o" --specs=nano.specs -mfpu=fpv4-sp-d16 -mfloat-abi=hard -mthumb -o "Core/Src/main.o"
arm-none-eabi-gcc "../Core/Src/myMain.c" -mcpu=cortex-m4 -std=gnu11 -g3 -DDEBUG -DUSE_HAL_DRIVER -DSTM32L476xx -c -I../Core/Inc -I../Drivers/STM32L4xx_HAL_Driver/Inc -I../Drivers/STM32L4xx_HAL_Driver/Inc/Legacy -I../Drivers/CMSIS/Device/ST/STM32L4xx/Include -I../Drivers/CMSIS/Include -O0 -ffunction-sections -fdata-sections -Wall -fstack-usage -MMD -MP -MF"Core/Src/myMain.d" -MT"Core/Src/myMain.o" --specs=nano.specs -mfpu=fpv4-sp-d16 -mfloat-abi=hard -mthumb -o "Core/Src/myMain.o"
../Core/Src/myMain.c: In function 'myMain':
../Core/Src/myMain.c:108:4: warning: implicit declaration of function 'printf' [-Wimplicit-function-declaration]
  108 |    printf("BTN 1   %d\n\r\n\r", state);
      |    ^~~~~~
../Core/Src/myMain.c:108:4: warning: incompatible implicit declaration of built-in function 'printf'
../Core/Src/myMain.c:12:1: note: include '<stdio.h>' or provide a declaration of 'printf'
   11 | #include "main.h"
  +++ |+#include <stdio.h>
   12 | 
../Core/Src/myMain.c:113:4: warning: incompatible implicit declaration of built-in function 'printf'
  113 |    printf("BTN 2   %d\n\r\n\r", state);
      |    ^~~~~~
../Core/Src/myMain.c:113:4: note: include '<stdio.h>' or provide a declaration of 'printf'
arm-none-eabi-gcc -o "CleanCode.elf" @"objects.list"   -mcpu=cortex-m4 -T"C:\Users\student\STM32CubeIDE\workspace_1.9.0\CleanCode\STM32L476RGTX_FLASH.ld" --specs=nosys.specs -Wl,-Map="CleanCode.map" -Wl,--gc-sections -static --specs=nano.specs -mfpu=fpv4-sp-d16 -mfloat-abi=hard -mthumb -Wl,--start-group -lc -lm -Wl,--end-group
Finished building target: CleanCode.elf
 
arm-none-eabi-size   CleanCode.elf 
arm-none-eabi-objdump -h -S  CleanCode.elf  > "CleanCode.list"
   text	   data	    bss	    dec	    hex	filename
  20120	    124	   1844	  22088	   5648	CleanCode.elf
Finished building: default.size.stdout
 
Finished building: CleanCode.list
 

20:16:37 Build Finished. 0 errors, 3 warnings. (took 1s.43ms)

