20:39:09 **** Incremental Build of configuration Debug for project CleanCode ****
make -j12 all 
arm-none-eabi-gcc "../Core/Src/stateMachine.c" -mcpu=cortex-m4 -std=gnu11 -g3 -DDEBUG -DUSE_HAL_DRIVER -DSTM32L476xx -c -I../Core/Inc -I../Drivers/STM32L4xx_HAL_Driver/Inc -I../Drivers/STM32L4xx_HAL_Driver/Inc/Legacy -I../Drivers/CMSIS/Device/ST/STM32L4xx/Include -I../Drivers/CMSIS/Include -O0 -ffunction-sections -fdata-sections -Wall -fstack-usage -MMD -MP -MF"Core/Src/stateMachine.d" -MT"Core/Src/stateMachine.o" --specs=nano.specs -mfpu=fpv4-sp-d16 -mfloat-abi=hard -mthumb -o "Core/Src/stateMachine.o"
arm-none-eabi-gcc -o "CleanCode.elf" @"objects.list"   -mcpu=cortex-m4 -T"C:\Users\student\STM32CubeIDE\workspace_1.9.0\CleanCode\STM32L476RGTX_FLASH.ld" --specs=nosys.specs -Wl,-Map="CleanCode.map" -Wl,--gc-sections -static --specs=nano.specs -mfpu=fpv4-sp-d16 -mfloat-abi=hard -mthumb -Wl,--start-group -lc -lm -Wl,--end-group
Finished building target: CleanCode.elf
 
arm-none-eabi-size   CleanCode.elf 
arm-none-eabi-objdump -h -S  CleanCode.elf  > "CleanCode.list"
   text	   data	    bss	    dec	    hex	filename
  20308	    124	   1924	  22356	   5754	CleanCode.elf
Finished building: default.size.stdout
 
Finished building: CleanCode.list
 

20:39:10 Build Finished. 0 errors, 0 warnings. (took 927ms)

