20:59:48 **** Incremental Build of configuration Debug for project CleanCode ****
make -j12 all 
arm-none-eabi-gcc "../Core/Src/myMain.c" -mcpu=cortex-m4 -std=gnu11 -g3 -DDEBUG -DUSE_HAL_DRIVER -DSTM32L476xx -c -I../Core/Inc -I../Drivers/STM32L4xx_HAL_Driver/Inc -I../Drivers/STM32L4xx_HAL_Driver/Inc/Legacy -I../Drivers/CMSIS/Device/ST/STM32L4xx/Include -I../Drivers/CMSIS/Include -O0 -ffunction-sections -fdata-sections -Wall -fstack-usage -MMD -MP -MF"Core/Src/myMain.d" -MT"Core/Src/myMain.o" --specs=nano.specs -mfpu=fpv4-sp-d16 -mfloat-abi=hard -mthumb -o "Core/Src/myMain.o"
../Core/Src/myMain.c: In function 'HAL_GPIO_EXTI_Callback':
../Core/Src/myMain.c:41:7: warning: unused variable 'i' [-Wunused-variable]
   41 |   int i = 0;
      |       ^
../Core/Src/myMain.c:40:12: warning: unused variable 'diff' [-Wunused-variable]
   40 |   uint32_t diff = getDifference();
      |            ^~~~
arm-none-eabi-gcc -o "CleanCode.elf" @"objects.list"   -mcpu=cortex-m4 -T"C:\Users\student\STM32CubeIDE\workspace_1.9.0\CleanCode\STM32L476RGTX_FLASH.ld" --specs=nosys.specs -Wl,-Map="CleanCode.map" -Wl,--gc-sections -static --specs=nano.specs -mfpu=fpv4-sp-d16 -mfloat-abi=hard -mthumb -Wl,--start-group -lc -lm -Wl,--end-group
Finished building target: CleanCode.elf
 
arm-none-eabi-size   CleanCode.elf 
arm-none-eabi-objdump -h -S  CleanCode.elf  > "CleanCode.list"
   text	   data	    bss	    dec	    hex	filename
  14472	     20	   1812	  16304	   3fb0	CleanCode.elf
Finished building: default.size.stdout
 
Finished building: CleanCode.list
 
21:00:00 **** Incremental Build of configuration Debug for project CleanCode ****
make -j12 all 
arm-none-eabi-size   CleanCode.elf 
   text	   data	    bss	    dec	    hex	filename
  14472	     20	   1812	  16304	   3fb0	CleanCode.elf
Finished building: default.size.stdout
 
